{
  "version": "1.5.0",
  "plugins_used": [
    {
      "name": "ArtifactoryDetector"
    },
    {
      "name": "AWSKeyDetector"
    },
    {
      "name": "AzureStorageKeyDetector"
    },
    {
      "name": "Base64HighEntropyString",
      "limit": 4.5
    },
    {
      "name": "BasicAuthDetector"
    },
    {
      "name": "CloudantDetector"
    },
    {
      "name": "DiscordBotTokenDetector"
    },
    {
      "name": "GitHubTokenDetector"
    },
    {
      "name": "GitLabTokenDetector"
    },
    {
      "name": "HexHighEntropyString",
      "limit": 3.0
    },
    {
      "name": "IbmCloudIamDetector"
    },
    {
      "name": "IbmCosHmacDetector"
    },
    {
      "name": "IPPublicDetector"
    },
    {
      "name": "JwtTokenDetector"
    },
    {
      "name": "KeywordDetector",
      "keyword_exclude": ""
    },
    {
      "name": "MailchimpDetector"
    },
    {
      "name": "NpmDetector"
    },
    {
      "name": "OpenAIDetector"
    },
    {
      "name": "PrivateKeyDetector"
    },
    {
      "name": "PypiTokenDetector"
    },
    {
      "name": "SendGridDetector"
    },
    {
      "name": "SlackDetector"
    },
    {
      "name": "SoftlayerDetector"
    },
    {
      "name": "SquareOAuthDetector"
    },
    {
      "name": "StripeDetector"
    },
    {
      "name": "TelegramBotTokenDetector"
    },
    {
      "name": "TwilioKeyDetector"
    }
  ],
  "filters_used": [
    {
      "path": "detect_secrets.filters.allowlist.is_line_allowlisted"
    },
    {
      "path": "detect_secrets.filters.common.is_baseline_file",
      "filename": ".secrets.baseline"
    },
    {
      "path": "detect_secrets.filters.common.is_ignored_due_to_verification_policies",
      "min_level": 2
    },
    {
      "path": "detect_secrets.filters.heuristic.is_indirect_reference"
    },
    {
      "path": "detect_secrets.filters.heuristic.is_likely_id_string"
    },
    {
      "path": "detect_secrets.filters.heuristic.is_lock_file"
    },
    {
      "path": "detect_secrets.filters.heuristic.is_not_alphanumeric_string"
    },
    {
      "path": "detect_secrets.filters.heuristic.is_potential_uuid"
    },
    {
      "path": "detect_secrets.filters.heuristic.is_prefixed_with_dollar_sign"
    },
    {
      "path": "detect_secrets.filters.heuristic.is_sequential_string"
    },
    {
      "path": "detect_secrets.filters.heuristic.is_swagger_file"
    },
    {
      "path": "detect_secrets.filters.heuristic.is_templated_secret"
    }
  ],
  "results": {
    ".env.example": [
      {
        "type": "Basic Auth Credentials",
        "filename": ".env.example",
        "hashed_secret": "1e8f384cf8634dfe3a2c7177b0e7a595a93adf17",
        "is_verified": false,
        "line_number": 26
      }
    ],
    "CLAUDE.md": [
      {
        "type": "Basic Auth Credentials",
        "filename": "CLAUDE.md",
        "hashed_secret": "5baa61e4c9b93f3f0682250b6cf8331b7ee68fd8",
        "is_verified": false,
        "line_number": 694
      },
      {
        "type": "Basic Auth Credentials",
        "filename": "CLAUDE.md",
        "hashed_secret": "1e8f384cf8634dfe3a2c7177b0e7a595a93adf17",
        "is_verified": false,
        "line_number": 724
      },
      {
        "type": "Basic Auth Credentials",
        "filename": "CLAUDE.md",
        "hashed_secret": "9d4e1e23bd5b727046a9e3b4b7db57bd8d6ee684",
        "is_verified": false,
        "line_number": 1006
      }
    ],
    "README.md": [
      {
        "type": "Basic Auth Credentials",
        "filename": "README.md",
        "hashed_secret": "5baa61e4c9b93f3f0682250b6cf8331b7ee68fd8",
        "is_verified": false,
        "line_number": 230
      }
    ],
    "alembic.ini": [
      {
        "type": "Basic Auth Credentials",
        "filename": "alembic.ini",
        "hashed_secret": "9d4e1e23bd5b727046a9e3b4b7db57bd8d6ee684",
        "is_verified": false,
        "line_number": 63
      }
    ],
    "app/core/config.py": [
      {
        "type": "Basic Auth Credentials",
        "filename": "app/core/config.py",
        "hashed_secret": "5baa61e4c9b93f3f0682250b6cf8331b7ee68fd8",
        "is_verified": false,
        "line_number": 65
      }
    ],
    "docs/DEPLOYMENT.md": [
      {
        "type": "Basic Auth Credentials",
        "filename": "docs/DEPLOYMENT.md",
        "hashed_secret": "5baa61e4c9b93f3f0682250b6cf8331b7ee68fd8",
        "is_verified": false,
        "line_number": 34
      },
      {
        "type": "Basic Auth Credentials",
        "filename": "docs/DEPLOYMENT.md",
        "hashed_secret": "afc848c316af1a89d49826c5ae9d00ed769415f3",
        "is_verified": false,
        "line_number": 117
      }
    ],
    "docs/TROUBLESHOOTING.md": [
      {
        "type": "Basic Auth Credentials",
        "filename": "docs/TROUBLESHOOTING.md",
        "hashed_secret": "5baa61e4c9b93f3f0682250b6cf8331b7ee68fd8",
        "is_verified": false,
        "line_number": 182
      }
    ],
    "migrations/versions/4bd8cd1f8ec7_add_content_items_table.py": [
      {
        "type": "Hex High Entropy String",
        "filename": "migrations/versions/4bd8cd1f8ec7_add_content_items_table.py",
        "hashed_secret": "fe419507cd1f724ebdd9e98d3c68aec7c9b91183",
        "is_verified": false,
        "line_number": 16
      }
    ],
    "migrations/versions/56afc8db4b50_create_audit_logs_table.py": [
      {
        "type": "Hex High Entropy String",
        "filename": "migrations/versions/56afc8db4b50_create_audit_logs_table.py",
        "hashed_secret": "c20fe2713a82da9dd55b32e9356f9d2586f968ef",
        "is_verified": false,
        "line_number": 16
      }
    ],
    "migrations/versions/5d88e65ab411_create_sessions_table.py": [
      {
        "type": "Hex High Entropy String",
        "filename": "migrations/versions/5d88e65ab411_create_sessions_table.py",
        "hashed_secret": "aa9214d58e1178a1cd68a37740b277aa38be1d7d",
        "is_verified": false,
        "line_number": 16
      }
    ],
    "tests/test_document_content.py": [
      {
        "type": "Secret Keyword",
        "filename": "tests/test_document_content.py",
        "hashed_secret": "f2b14f68eb995facb3a1c35287b778d5bd785511",
        "is_verified": false,
        "line_number": 497
      }
    ]
  },
  "generated_at": "2026-02-06T19:45:15Z"
}
